// Jest Snapshot v1, https://goo.gl/fbAQLP

exports[`Login component render correctly 1`] = `
<form
  className="login"
>
  <p>
    <label>
      Username: 
    </label>
    <input
      id="email"
      name="email"
      onChange={[Function]}
      type="text"
    />
  </p>
  <p>
    <label>
      Password: 
    </label>
    <input
      id="password"
      name="password"
      onChange={[Function]}
      type="password"
    />
  </p>
  <p>
    <button>
      Submit
    </button>
  </p>
</form>
`;
