// Jest Snapshot v1, https://goo.gl/fbAQLP

exports[`Clock Clock render correctly 1`] = `
<div
  className="clock"
>
  <span
    className="clock-text"
  >
    01:03
  </span>
</div>
`;
